b-time_limits i-time_limits b-amount i-amount b-service o
b-time_limits i-time_limits b-amount i-amount b-service o
o b-time_limits i-time_limits b-amount b-currency b-service o
b-time_limits i-time_limits b-amount i-amount b-service o o o o
b-time_limits i-time_limits b-amount i-amount b-service o
b-amount b-service b-time_limits i-time_limits o
b-amount b-service b-time_limits i-time_limits o o
o b-amount b-service b-time_limits i-time_limits o o
o b-time_limits i-time_limits b-amount i-amount b-service o
o b-amount b-service b-time_limits i-time_limits o
b-card i-card o o
b-card o o
b-card o o
b-card o o
o b-card o o
o b-card o o o
b-card o o o
b-card o o
b-card i-card o o
b-card o o o
o o o
o o o
o o o o
o o o o
o o
o o o o
o o o o
o o
o o o
o o o o
b-service
b-service o o
b-service o
b-service o o o
b-service
b-service
b-service o
b-service o
b-service o o o
b-service o o o
b-service o o b-detail i-detail o
b-service o b-detail i-detail
b-service o o b-detail i-detail o
o b-service b-detail i-detail o o o
o b-service b-detail i-detail o o o
b-service
b-service
b-service i-service o o o
b-service i-service o o
b-service i-service o o
b-requested_month i-requested_month o o o o
b-requested_month i-requested_month o o o
b-requested_month i-requested_month o o o
b-requested_month o o
b-requested_month i-requested_month o
b-requested_month o o o o
b-requested_month i-requested_month o o o o
b-requested_month i-requested_month o o o o o
o b-requested_month o o
o b-requested_month o o
o o o o
o o
o o o
o o o
o o o o
o o o o
o o o o
o o o o o
o o o o o
o 
b-subscription o o o 
b-subscription o o
b-subscription o o
b-subscription o o o o
b-subscription o o o o
b-subscription o o o
b-subscription o o o
b-subscription o o o
b-subscription o o o
b-subscription o o
o b-confirmation
o b-confirmation
b-confirmation o
b-confirmation o
o b-confirmation
o b-confirmation
b-confirmation o
b-confirmation o
o b-confirmation i-confirmation
o b-confirmation i-confirmation
b-confirmation o o
b-confirmation o
b-accumulation_goal i-accumulation_goal o o o o o o
b-accumulation_goal i-accumulation_goal o o o o
b-accumulation_goal o o o o o o o
b-accumulation_goal i-accumulation_goal o o o o o o
b-accumulation_goal i-accumulation_goal o o o o o
b-accumulation_goal o o o o o
b-accumulation_goal o o o o
b-accumulation_goal o o o o o o o
b-accumulation_goal o o o o o
b-accumulation_goal i-accumulation_goal o o o o o o o
b-country b-time_limits i-time_limits o
b-country b-time_limits i-time_limits o o
o b-country b-time_limits i-time_limits o
o b-country i-country b-time_limits i-time_limits o
o b-time_limits i-time_limits o b-amount i-amount b-currency o
o b-time_limits i-time_limits b-amount i-amount b-currency o
o b-time_limits i-time_limits o b-amount i-amount b-currency o o
o b-time_limits i-time_limits o b-amount i-amount b-currency o o
o b-time_limits i-time_limits b-amount i-amount b-currency o o
o b-time_limits i-time_limits o b-amount i-amount b-currency o o
b-confirmation o o o
b-confirmation o o o o
b-confirmation
b-confirmation